Java HotSpot(TM) 64-Bit Server VM (25.152-b16) for windows-amd64 JRE (1.8.0_152-b16), built on Sep 14 2017 02:29:36 by "java_re" with MS VC++ 10.0 (VS2010)
Memory: 4k page, physical 7277196k(2136024k free), swap 20384396k(9746388k free)
CommandLine flags: -XX:InitialHeapSize=536870912 -XX:MaxHeapSize=536870912 -XX:MaxNewSize=178958336 -XX:MaxTenuringThreshold=6 -XX:NewSize=178958336 -XX:OldPLABSize=16 -XX:OldSize=357912576 -XX:+PrintGC -XX:+PrintGCDateStamps -XX:+PrintGCDetails -XX:+PrintGCTimeStamps -XX:+UseCompressedClassPointers -XX:+UseCompressedOops -XX:+UseConcMarkSweepGC -XX:-UseLargePagesIndividualAllocation -XX:+UseParNewGC 
2020-10-26T11:08:12.839+0800: 0.226: [GC (Allocation Failure) 2020-10-26T11:08:12.839+0800: 0.226: [ParNew: 139776K->17470K(157248K), 0.0090213 secs] 139776K->41432K(506816K), 0.0094119 secs] [Times: user=0.13 sys=0.00, real=0.01 secs] 
2020-10-26T11:08:12.880+0800: 0.267: [GC (Allocation Failure) 2020-10-26T11:08:12.880+0800: 0.267: [ParNew: 157246K->17472K(157248K), 0.0124822 secs] 181208K->79754K(506816K), 0.0126139 secs] [Times: user=0.03 sys=0.09, real=0.01 secs] 
2020-10-26T11:08:12.923+0800: 0.310: [GC (Allocation Failure) 2020-10-26T11:08:12.923+0800: 0.310: [ParNew: 157248K->17470K(157248K), 0.0273380 secs] 219530K->126986K(506816K), 0.0274658 secs] [Times: user=0.22 sys=0.03, real=0.03 secs] 
2020-10-26T11:08:12.981+0800: 0.368: [GC (Allocation Failure) 2020-10-26T11:08:12.981+0800: 0.368: [ParNew: 157246K->17468K(157248K), 0.0248561 secs] 266762K->173609K(506816K), 0.0249879 secs] [Times: user=0.11 sys=0.01, real=0.03 secs] 
2020-10-26T11:08:13.034+0800: 0.421: [GC (Allocation Failure) 2020-10-26T11:08:13.034+0800: 0.421: [ParNew: 157244K->17471K(157248K), 0.0278676 secs] 313385K->221398K(506816K), 0.0279973 secs] [Times: user=0.25 sys=0.00, real=0.03 secs] 
2020-10-26T11:08:13.062+0800: 0.449: [GC (CMS Initial Mark) [1 CMS-initial-mark: 203926K(349568K)] 221470K(506816K), 0.0001516 secs] [Times: user=0.00 sys=0.00, real=0.00 secs] 
2020-10-26T11:08:13.062+0800: 0.449: [CMS-concurrent-mark-start]
2020-10-26T11:08:13.064+0800: 0.451: [CMS-concurrent-mark: 0.002/0.002 secs] [Times: user=0.00 sys=0.00, real=0.00 secs] 
2020-10-26T11:08:13.064+0800: 0.451: [CMS-concurrent-preclean-start]
2020-10-26T11:08:13.065+0800: 0.452: [CMS-concurrent-preclean: 0.001/0.001 secs] [Times: user=0.00 sys=0.00, real=0.00 secs] 
2020-10-26T11:08:13.065+0800: 0.452: [CMS-concurrent-abortable-preclean-start]
2020-10-26T11:08:13.090+0800: 0.477: [GC (Allocation Failure) 2020-10-26T11:08:13.090+0800: 0.477: [ParNew: 157247K->17471K(157248K), 0.0236359 secs] 361174K->261653K(506816K), 0.0237896 secs] [Times: user=0.13 sys=0.00, real=0.02 secs] 
2020-10-26T11:08:13.142+0800: 0.529: [GC (Allocation Failure) 2020-10-26T11:08:13.142+0800: 0.529: [ParNew: 157247K->17471K(157248K), 0.0268769 secs] 401429K->308450K(506816K), 0.0269925 secs] [Times: user=0.22 sys=0.03, real=0.03 secs] 
2020-10-26T11:08:13.197+0800: 0.585: [GC (Allocation Failure) 2020-10-26T11:08:13.198+0800: 0.585: [ParNew: 157247K->17469K(157248K), 0.0252350 secs] 448226K->352250K(506816K), 0.0253855 secs] [Times: user=0.22 sys=0.03, real=0.03 secs] 
2020-10-26T11:08:13.223+0800: 0.610: [CMS-concurrent-abortable-preclean: 0.004/0.158 secs] [Times: user=0.64 sys=0.06, real=0.16 secs] 
2020-10-26T11:08:13.227+0800: 0.614: [GC (CMS Final Remark) [YG occupancy: 20471 K (157248 K)]2020-10-26T11:08:13.227+0800: 0.614: [Rescan (parallel) , 0.0003297 secs]2020-10-26T11:08:13.227+0800: 0.614: [weak refs processing, 0.0000320 secs]2020-10-26T11:08:13.227+0800: 0.614: [class unloading, 0.0003097 secs]2020-10-26T11:08:13.227+0800: 0.614: [scrub symbol table, 0.0005619 secs]2020-10-26T11:08:13.228+0800: 0.615: [scrub string table, 0.0001527 secs][1 CMS-remark: 334781K(349568K)] 355253K(506816K), 0.0015136 secs] [Times: user=0.00 sys=0.00, real=0.00 secs] 
2020-10-26T11:08:13.228+0800: 0.615: [CMS-concurrent-sweep-start]
2020-10-26T11:08:13.229+0800: 0.616: [CMS-concurrent-sweep: 0.001/0.001 secs] [Times: user=0.00 sys=0.00, real=0.00 secs] 
2020-10-26T11:08:13.230+0800: 0.617: [CMS-concurrent-reset-start]
2020-10-26T11:08:13.230+0800: 0.618: [CMS-concurrent-reset: 0.001/0.001 secs] [Times: user=0.00 sys=0.00, real=0.00 secs] 
2020-10-26T11:08:13.255+0800: 0.643: [GC (Allocation Failure) 2020-10-26T11:08:13.255+0800: 0.643: [ParNew: 157245K->17470K(157248K), 0.0129045 secs] 443513K->345228K(506816K), 0.0130361 secs] [Times: user=0.13 sys=0.00, real=0.01 secs] 
2020-10-26T11:08:13.269+0800: 0.656: [GC (CMS Initial Mark) [1 CMS-initial-mark: 327758K(349568K)] 345512K(506816K), 0.0001507 secs] [Times: user=0.00 sys=0.00, real=0.00 secs] 
2020-10-26T11:08:13.269+0800: 0.656: [CMS-concurrent-mark-start]
2020-10-26T11:08:13.271+0800: 0.658: [CMS-concurrent-mark: 0.002/0.002 secs] [Times: user=0.00 sys=0.00, real=0.00 secs] 
2020-10-26T11:08:13.271+0800: 0.658: [CMS-concurrent-preclean-start]
2020-10-26T11:08:13.272+0800: 0.659: [CMS-concurrent-preclean: 0.001/0.001 secs] [Times: user=0.00 sys=0.00, real=0.00 secs] 
2020-10-26T11:08:13.272+0800: 0.659: [CMS-concurrent-abortable-preclean-start]
2020-10-26T11:08:13.272+0800: 0.659: [CMS-concurrent-abortable-preclean: 0.000/0.000 secs] [Times: user=0.00 sys=0.00, real=0.00 secs] 
2020-10-26T11:08:13.272+0800: 0.659: [GC (CMS Final Remark) [YG occupancy: 35856 K (157248 K)]2020-10-26T11:08:13.272+0800: 0.659: [Rescan (parallel) , 0.0003429 secs]2020-10-26T11:08:13.272+0800: 0.659: [weak refs processing, 0.0000218 secs]2020-10-26T11:08:13.272+0800: 0.659: [class unloading, 0.0003769 secs]2020-10-26T11:08:13.273+0800: 0.660: [scrub symbol table, 0.0005718 secs]2020-10-26T11:08:13.273+0800: 0.660: [scrub string table, 0.0001476 secs][1 CMS-remark: 327758K(349568K)] 363614K(506816K), 0.0015925 secs] [Times: user=0.00 sys=0.00, real=0.00 secs] 
2020-10-26T11:08:13.273+0800: 0.661: [CMS-concurrent-sweep-start]
2020-10-26T11:08:13.275+0800: 0.662: [CMS-concurrent-sweep: 0.001/0.001 secs] [Times: user=0.00 sys=0.00, real=0.00 secs] 
2020-10-26T11:08:13.275+0800: 0.662: [CMS-concurrent-reset-start]
2020-10-26T11:08:13.275+0800: 0.662: [CMS-concurrent-reset: 0.000/0.000 secs] [Times: user=0.00 sys=0.00, real=0.00 secs] 
2020-10-26T11:08:13.298+0800: 0.685: [GC (Allocation Failure) 2020-10-26T11:08:13.298+0800: 0.685: [ParNew: 157246K->17470K(157248K), 0.0133598 secs] 392757K->301360K(506816K), 0.0134634 secs] [Times: user=0.13 sys=0.00, real=0.01 secs] 
2020-10-26T11:08:13.312+0800: 0.699: [GC (CMS Initial Mark) [1 CMS-initial-mark: 283889K(349568K)] 304150K(506816K), 0.0001274 secs] [Times: user=0.00 sys=0.00, real=0.00 secs] 
2020-10-26T11:08:13.312+0800: 0.699: [CMS-concurrent-mark-start]
2020-10-26T11:08:13.313+0800: 0.701: [CMS-concurrent-mark: 0.002/0.002 secs] [Times: user=0.00 sys=0.00, real=0.00 secs] 
2020-10-26T11:08:13.313+0800: 0.701: [CMS-concurrent-preclean-start]
2020-10-26T11:08:13.314+0800: 0.701: [CMS-concurrent-preclean: 0.001/0.001 secs] [Times: user=0.00 sys=0.00, real=0.00 secs] 
2020-10-26T11:08:13.314+0800: 0.702: [CMS-concurrent-abortable-preclean-start]
2020-10-26T11:08:13.339+0800: 0.726: [GC (Allocation Failure) 2020-10-26T11:08:13.339+0800: 0.727: [ParNew: 157246K->17471K(157248K), 0.0141604 secs] 441136K->348610K(506816K), 0.0143034 secs] [Times: user=0.09 sys=0.01, real=0.02 secs] 
2020-10-26T11:08:13.355+0800: 0.742: [CMS-concurrent-abortable-preclean: 0.002/0.040 secs] [Times: user=0.11 sys=0.01, real=0.04 secs] 
2020-10-26T11:08:13.355+0800: 0.742: [GC (CMS Final Remark) [YG occupancy: 23554 K (157248 K)]2020-10-26T11:08:13.355+0800: 0.742: [Rescan (parallel) , 0.0002570 secs]2020-10-26T11:08:13.355+0800: 0.742: [weak refs processing, 0.0000151 secs]2020-10-26T11:08:13.355+0800: 0.742: [class unloading, 0.0002809 secs]2020-10-26T11:08:13.355+0800: 0.743: [scrub symbol table, 0.0004821 secs]2020-10-26T11:08:13.356+0800: 0.743: [scrub string table, 0.0001161 secs][1 CMS-remark: 331138K(349568K)] 354692K(506816K), 0.0012500 secs] [Times: user=0.02 sys=0.00, real=0.00 secs] 
2020-10-26T11:08:13.356+0800: 0.743: [CMS-concurrent-sweep-start]
2020-10-26T11:08:13.357+0800: 0.745: [CMS-concurrent-sweep: 0.001/0.001 secs] [Times: user=0.00 sys=0.00, real=0.00 secs] 
2020-10-26T11:08:13.357+0800: 0.745: [CMS-concurrent-reset-start]
2020-10-26T11:08:13.358+0800: 0.745: [CMS-concurrent-reset: 0.000/0.000 secs] [Times: user=0.00 sys=0.00, real=0.00 secs] 
2020-10-26T11:08:13.383+0800: 0.770: [GC (Allocation Failure) 2020-10-26T11:08:13.383+0800: 0.770: [ParNew: 157247K->157247K(157248K), 0.0000387 secs]2020-10-26T11:08:13.383+0800: 0.770: [CMS: 300555K->294211K(349568K), 0.0513414 secs] 457803K->294211K(506816K), [Metaspace: 2820K->2820K(1056768K)], 0.0515528 secs] [Times: user=0.06 sys=0.00, real=0.05 secs] 
2020-10-26T11:08:13.435+0800: 0.822: [GC (CMS Initial Mark) [1 CMS-initial-mark: 294211K(349568K)] 297016K(506816K), 0.0001263 secs] [Times: user=0.00 sys=0.00, real=0.00 secs] 
2020-10-26T11:08:13.435+0800: 0.822: [CMS-concurrent-mark-start]
2020-10-26T11:08:13.437+0800: 0.824: [CMS-concurrent-mark: 0.002/0.002 secs] [Times: user=0.00 sys=0.00, real=0.00 secs] 
2020-10-26T11:08:13.437+0800: 0.824: [CMS-concurrent-preclean-start]
2020-10-26T11:08:13.437+0800: 0.824: [CMS-concurrent-preclean: 0.001/0.001 secs] [Times: user=0.00 sys=0.00, real=0.00 secs] 
2020-10-26T11:08:13.437+0800: 0.824: [CMS-concurrent-abortable-preclean-start]
2020-10-26T11:08:13.465+0800: 0.852: [GC (Allocation Failure) 2020-10-26T11:08:13.465+0800: 0.852: [ParNew: 139776K->17471K(157248K), 0.0090872 secs] 433987K->337891K(506816K), 0.0092446 secs] [Times: user=0.00 sys=0.02, real=0.01 secs] 
2020-10-26T11:08:13.505+0800: 0.892: [GC (Allocation Failure) 2020-10-26T11:08:13.505+0800: 0.892: [ParNew (promotion failed): 157247K->157247K(157248K), 0.0146113 secs]2020-10-26T11:08:13.519+0800: 0.907: [CMS2020-10-26T11:08:13.519+0800: 0.907: [CMS-concurrent-abortable-preclean: 0.002/0.082 secs] [Times: user=0.17 sys=0.02, real=0.08 secs] 
 (concurrent mode failure): 349407K->313314K(349568K), 0.0519174 secs] 477667K->313314K(506816K), [Metaspace: 2820K->2820K(1056768K)], 0.0667055 secs] [Times: user=0.17 sys=0.00, real=0.07 secs] 
2020-10-26T11:08:13.601+0800: 0.988: [GC (Allocation Failure) 2020-10-26T11:08:13.601+0800: 0.988: [ParNew: 139776K->17471K(157248K), 0.0106653 secs] 453090K->363906K(506816K), 0.0107968 secs] [Times: user=0.13 sys=0.00, real=0.01 secs] 
2020-10-26T11:08:13.612+0800: 0.999: [GC (CMS Initial Mark) [1 CMS-initial-mark: 346435K(349568K)] 364055K(506816K), 0.0001390 secs] [Times: user=0.00 sys=0.00, real=0.00 secs] 
2020-10-26T11:08:13.612+0800: 0.999: [CMS-concurrent-mark-start]
2020-10-26T11:08:13.614+0800: 1.001: [CMS-concurrent-mark: 0.002/0.002 secs] [Times: user=0.00 sys=0.00, real=0.00 secs] 
2020-10-26T11:08:13.614+0800: 1.001: [CMS-concurrent-preclean-start]
2020-10-26T11:08:13.615+0800: 1.002: [CMS-concurrent-preclean: 0.001/0.001 secs] [Times: user=0.00 sys=0.00, real=0.00 secs] 
2020-10-26T11:08:13.615+0800: 1.002: [CMS-concurrent-abortable-preclean-start]
2020-10-26T11:08:13.615+0800: 1.002: [CMS-concurrent-abortable-preclean: 0.000/0.000 secs] [Times: user=0.00 sys=0.00, real=0.00 secs] 
2020-10-26T11:08:13.615+0800: 1.002: [GC (CMS Final Remark) [YG occupancy: 31911 K (157248 K)]2020-10-26T11:08:13.615+0800: 1.002: [Rescan (parallel) , 0.0003017 secs]2020-10-26T11:08:13.615+0800: 1.002: [weak refs processing, 0.0000182 secs]2020-10-26T11:08:13.615+0800: 1.002: [class unloading, 0.0002735 secs]2020-10-26T11:08:13.616+0800: 1.003: [scrub symbol table, 0.0003775 secs]2020-10-26T11:08:13.616+0800: 1.003: [scrub string table, 0.0001013 secs][1 CMS-remark: 346435K(349568K)] 378346K(506816K), 0.0011952 secs] [Times: user=0.00 sys=0.00, real=0.00 secs] 
2020-10-26T11:08:13.616+0800: 1.003: [CMS-concurrent-sweep-start]
2020-10-26T11:08:13.617+0800: 1.004: [CMS-concurrent-sweep: 0.001/0.001 secs] [Times: user=0.00 sys=0.00, real=0.00 secs] 
2020-10-26T11:08:13.617+0800: 1.004: [CMS-concurrent-reset-start]
2020-10-26T11:08:13.617+0800: 1.004: [CMS-concurrent-reset: 0.000/0.000 secs] [Times: user=0.00 sys=0.00, real=0.00 secs] 
2020-10-26T11:08:13.644+0800: 1.031: [GC (Allocation Failure) 2020-10-26T11:08:13.644+0800: 1.031: [ParNew (promotion failed): 157247K->157244K(157248K), 0.0113167 secs]2020-10-26T11:08:13.655+0800: 1.042: [CMS: 344520K->338982K(349568K), 0.0661007 secs] 467683K->338982K(506816K), [Metaspace: 2820K->2820K(1056768K)], 0.0776132 secs] [Times: user=0.19 sys=0.00, real=0.08 secs] 
2020-10-26T11:08:13.721+0800: 1.109: [GC (CMS Initial Mark) [1 CMS-initial-mark: 338982K(349568K)] 339534K(506816K), 0.0001412 secs] [Times: user=0.00 sys=0.00, real=0.00 secs] 
2020-10-26T11:08:13.722+0800: 1.109: [CMS-concurrent-mark-start]
2020-10-26T11:08:13.724+0800: 1.111: [CMS-concurrent-mark: 0.002/0.002 secs] [Times: user=0.00 sys=0.00, real=0.00 secs] 
2020-10-26T11:08:13.724+0800: 1.111: [CMS-concurrent-preclean-start]
2020-10-26T11:08:13.725+0800: 1.113: [CMS-concurrent-preclean: 0.001/0.001 secs] [Times: user=0.00 sys=0.00, real=0.00 secs] 
2020-10-26T11:08:13.725+0800: 1.113: [CMS-concurrent-abortable-preclean-start]
2020-10-26T11:08:13.725+0800: 1.113: [CMS-concurrent-abortable-preclean: 0.000/0.000 secs] [Times: user=0.00 sys=0.00, real=0.00 secs] 
2020-10-26T11:08:13.726+0800: 1.113: [GC (CMS Final Remark) [YG occupancy: 18429 K (157248 K)]2020-10-26T11:08:13.726+0800: 1.113: [Rescan (parallel) , 0.0004431 secs]2020-10-26T11:08:13.726+0800: 1.113: [weak refs processing, 0.0000299 secs]2020-10-26T11:08:13.726+0800: 1.113: [class unloading, 0.0003340 secs]2020-10-26T11:08:13.727+0800: 1.114: [scrub symbol table, 0.0004944 secs]2020-10-26T11:08:13.727+0800: 1.114: [scrub string table, 0.0001302 secs][1 CMS-remark: 338982K(349568K)] 357412K(506816K), 0.0015988 secs] [Times: user=0.00 sys=0.00, real=0.00 secs] 
2020-10-26T11:08:13.727+0800: 1.115: [CMS-concurrent-sweep-start]
2020-10-26T11:08:13.728+0800: 1.115: [CMS-concurrent-sweep: 0.001/0.001 secs] [Times: user=0.00 sys=0.00, real=0.00 secs] 
2020-10-26T11:08:13.728+0800: 1.115: [CMS-concurrent-reset-start]
2020-10-26T11:08:13.729+0800: 1.116: [CMS-concurrent-reset: 0.000/0.000 secs] [Times: user=0.00 sys=0.00, real=0.00 secs] 
Heap
 par new generation   total 157248K, used 111842K [0x00000000e0000000, 0x00000000eaaa0000, 0x00000000eaaa0000)
  eden space 139776K,  80% used [0x00000000e0000000, 0x00000000e6d38968, 0x00000000e8880000)
  from space 17472K,   0% used [0x00000000e9990000, 0x00000000e9990000, 0x00000000eaaa0000)
  to   space 17472K,   0% used [0x00000000e8880000, 0x00000000e8880000, 0x00000000e9990000)
 concurrent mark-sweep generation total 349568K, used 338982K [0x00000000eaaa0000, 0x0000000100000000, 0x0000000100000000)
 Metaspace       used 2826K, capacity 4486K, committed 4864K, reserved 1056768K
  class space    used 306K, capacity 386K, committed 512K, reserved 1048576K
