Java HotSpot(TM) 64-Bit Server VM (25.152-b16) for windows-amd64 JRE (1.8.0_152-b16), built on Sep 14 2017 02:29:36 by "java_re" with MS VC++ 10.0 (VS2010)
Memory: 4k page, physical 7277196k(2098340k free), swap 20384396k(9745836k free)
CommandLine flags: -XX:InitialHeapSize=536870912 -XX:MaxHeapSize=536870912 -XX:+PrintGC -XX:+PrintGCDateStamps -XX:+PrintGCDetails -XX:+PrintGCTimeStamps -XX:+UseCompressedClassPointers -XX:+UseCompressedOops -XX:-UseLargePagesIndividualAllocation -XX:+UseSerialGC 
2020-10-26T11:07:56.661+0800: 0.228: [GC (Allocation Failure) 2020-10-26T11:07:56.662+0800: 0.229: [DefNew: 139776K->17471K(157248K), 0.0225813 secs] 139776K->45954K(506816K), 0.0232623 secs] [Times: user=0.01 sys=0.02, real=0.02 secs] 
2020-10-26T11:07:56.719+0800: 0.286: [GC (Allocation Failure) 2020-10-26T11:07:56.719+0800: 0.286: [DefNew: 157247K->17470K(157248K), 0.0311315 secs] 185730K->95444K(506816K), 0.0312533 secs] [Times: user=0.02 sys=0.02, real=0.03 secs] 
2020-10-26T11:07:56.781+0800: 0.348: [GC (Allocation Failure) 2020-10-26T11:07:56.782+0800: 0.349: [DefNew: 157246K->17467K(157248K), 0.0228012 secs] 235220K->136487K(506816K), 0.0229403 secs] [Times: user=0.02 sys=0.00, real=0.02 secs] 
2020-10-26T11:07:56.835+0800: 0.402: [GC (Allocation Failure) 2020-10-26T11:07:56.835+0800: 0.402: [DefNew: 157129K->17471K(157248K), 0.0239583 secs] 276149K->181849K(506816K), 0.0240912 secs] [Times: user=0.02 sys=0.02, real=0.02 secs] 
2020-10-26T11:07:56.889+0800: 0.456: [GC (Allocation Failure) 2020-10-26T11:07:56.889+0800: 0.456: [DefNew: 156931K->17471K(157248K), 0.0250047 secs] 321309K->230146K(506816K), 0.0251619 secs] [Times: user=0.02 sys=0.00, real=0.03 secs] 
2020-10-26T11:07:56.946+0800: 0.513: [GC (Allocation Failure) 2020-10-26T11:07:56.946+0800: 0.513: [DefNew: 157247K->17471K(157248K), 0.0214440 secs] 369922K->270097K(506816K), 0.0215718 secs] [Times: user=0.00 sys=0.03, real=0.02 secs] 
2020-10-26T11:07:56.997+0800: 0.564: [GC (Allocation Failure) 2020-10-26T11:07:56.997+0800: 0.564: [DefNew: 157247K->17471K(157248K), 0.0243339 secs] 409873K->315362K(506816K), 0.0245270 secs] [Times: user=0.00 sys=0.01, real=0.02 secs] 
2020-10-26T11:07:57.050+0800: 0.617: [GC (Allocation Failure) 2020-10-26T11:07:57.050+0800: 0.617: [DefNew: 157247K->157247K(157248K), 0.0000481 secs]2020-10-26T11:07:57.051+0800: 0.618: [Tenured: 297890K->268266K(349568K), 0.0454844 secs] 455138K->268266K(506816K), [Metaspace: 2820K->2820K(1056768K)], 0.0457198 secs] [Times: user=0.05 sys=0.00, real=0.05 secs] 
2020-10-26T11:07:57.123+0800: 0.690: [GC (Allocation Failure) 2020-10-26T11:07:57.123+0800: 0.690: [DefNew: 139776K->17471K(157248K), 0.0085494 secs] 408042K->314541K(506816K), 0.0087128 secs] [Times: user=0.00 sys=0.00, real=0.01 secs] 
2020-10-26T11:07:57.162+0800: 0.729: [GC (Allocation Failure) 2020-10-26T11:07:57.162+0800: 0.729: [DefNew: 157247K->17471K(157248K), 0.0225073 secs] 454317K->357124K(506816K), 0.0226796 secs] [Times: user=0.01 sys=0.02, real=0.02 secs] 
2020-10-26T11:07:57.212+0800: 0.780: [GC (Allocation Failure) 2020-10-26T11:07:57.212+0800: 0.780: [DefNew: 157172K->157172K(157248K), 0.0000349 secs]2020-10-26T11:07:57.212+0800: 0.780: [Tenured: 339652K->318370K(349568K), 0.0507527 secs] 496825K->318370K(506816K), [Metaspace: 2820K->2820K(1056768K)], 0.0509456 secs] [Times: user=0.06 sys=0.00, real=0.05 secs] 
2020-10-26T11:07:57.293+0800: 0.860: [GC (Allocation Failure) 2020-10-26T11:07:57.293+0800: 0.860: [DefNew: 139776K->139776K(157248K), 0.0000360 secs]2020-10-26T11:07:57.293+0800: 0.861: [Tenured: 318370K->333573K(349568K), 0.0608903 secs] 458146K->333573K(506816K), [Metaspace: 2820K->2820K(1056768K)], 0.0610953 secs] [Times: user=0.05 sys=0.00, real=0.06 secs] 
2020-10-26T11:07:57.386+0800: 0.953: [GC (Allocation Failure) 2020-10-26T11:07:57.386+0800: 0.953: [DefNew: 139776K->139776K(157248K), 0.0000429 secs]2020-10-26T11:07:57.386+0800: 0.953: [Tenured: 333573K->322773K(349568K), 0.0574409 secs] 473349K->322773K(506816K), [Metaspace: 2820K->2820K(1056768K)], 0.0576773 secs] [Times: user=0.05 sys=0.00, real=0.06 secs] 
2020-10-26T11:07:57.474+0800: 1.041: [GC (Allocation Failure) 2020-10-26T11:07:57.474+0800: 1.042: [DefNew: 139776K->139776K(157248K), 0.0000356 secs]2020-10-26T11:07:57.474+0800: 1.042: [Tenured: 322773K->349504K(349568K), 0.0390151 secs] 462549K->350215K(506816K), [Metaspace: 2820K->2820K(1056768K)], 0.0392063 secs] [Times: user=0.05 sys=0.00, real=0.04 secs] 
2020-10-26T11:07:57.546+0800: 1.114: [Full GC (Allocation Failure) 2020-10-26T11:07:57.546+0800: 1.114: [Tenured: 349504K->349390K(349568K), 0.0496660 secs] 506594K->364468K(506816K), [Metaspace: 2820K->2820K(1056768K)], 0.0497899 secs] [Times: user=0.05 sys=0.00, real=0.05 secs] 
Heap
 def new generation   total 157248K, used 20955K [0x00000000e0000000, 0x00000000eaaa0000, 0x00000000eaaa0000)
  eden space 139776K,  14% used [0x00000000e0000000, 0x00000000e1476f50, 0x00000000e8880000)
  from space 17472K,   0% used [0x00000000e9990000, 0x00000000e9990000, 0x00000000eaaa0000)
  to   space 17472K,   0% used [0x00000000e8880000, 0x00000000e8880000, 0x00000000e9990000)
 tenured generation   total 349568K, used 349390K [0x00000000eaaa0000, 0x0000000100000000, 0x0000000100000000)
   the space 349568K,  99% used [0x00000000eaaa0000, 0x00000000fffd39a0, 0x00000000fffd3a00, 0x0000000100000000)
 Metaspace       used 2826K, capacity 4486K, committed 4864K, reserved 1056768K
  class space    used 306K, capacity 386K, committed 512K, reserved 1048576K
